---
source: crates/architecture/src/modular/module.rs
assertion_line: 307
expression: rectangles
---
- - - -5
    - -4
    - -1.5
  - - 5
    - -4
    - -1.5
  - - 5
    - -4
    - 1.5
  - - -5
    - -4
    - 1.5
- - - -5
    - 4
    - 1.5
  - - 5
    - 4
    - 1.5
  - - 5
    - 4
    - -1.5
  - - -5
    - 4
    - -1.5
- - - -5
    - -4
    - 1.5
  - - -5
    - 4
    - 1.5
  - - -5
    - 4
    - -1.5
  - - -5
    - -4
    - -1.5
- - - 5
    - -4
    - -1.5
  - - 5
    - 4
    - -1.5
  - - 5
    - 4
    - 1.5
  - - 5
    - -4
    - 1.5
- - - -5
    - -4
    - 1.5
  - - 5
    - -4
    - 1.5
  - - 5
    - 4
    - 1.5
  - - -5
    - 4
    - 1.5
- - - -5
    - 4
    - -1.5
  - - 5
    - 4
    - -1.5
  - - 5
    - -4
    - -1.5
  - - -5
    - -4
    - -1.5
